../Core/Src/main.c:78:5:main	184	static
../Core/Src/main.c:156:6:SystemClock_Config	96	static
../Core/Src/main.c:202:13:MX_I2C1_Init	8	static
../Core/Src/main.c:250:13:MX_USART2_UART_Init	8	static
../Core/Src/main.c:285:13:MX_GPIO_Init	56	static
../Core/Src/main.c:343:13:sendString	16	static
../Core/Src/main.c:348:14:getTemp	40	static
../Core/Src/main.c:368:6:HAL_UART_RxCpltCallback	16	static
../Core/Src/main.c:399:5:led1_function	16	static
../Core/Src/main.c:406:6:HAL_GPIO_EXTI_Callback	16	static
../Core/Src/main.c:418:6:Error_Handler	8	static,ignoring_inline_asm
