../Core/Src/main.c:78:5:main	184	static
../Core/Src/main.c:158:6:SystemClock_Config	96	static
../Core/Src/main.c:204:13:MX_I2C1_Init	8	static
../Core/Src/main.c:252:13:MX_USART2_UART_Init	8	static
../Core/Src/main.c:287:13:MX_GPIO_Init	56	static
../Core/Src/main.c:332:13:sendString	16	static
../Core/Src/main.c:337:14:getTemp	40	static
../Core/Src/main.c:357:6:HAL_UART_RxCpltCallback	16	static
../Core/Src/main.c:388:5:led1_function	16	static
../Core/Src/main.c:399:6:Error_Handler	8	static,ignoring_inline_asm
